MO FallingDetector NULL ../src/rtl/modules/FallingDetector.v vlg03/_falling_detector.bin 1580118614
MO Comparator8Bit NULL ../src/rtl/modules/Comparator8Bit.v vlg57/_comparator8_bit.bin 1580118613
MO fuuladder8bit NULL ../fuuladder8bit.v vlg2F/fuuladder8bit.bin 1580118613
MO PressureAbnormalityDetector NULL ../src/rtl/modules/PressureAbnormalityDetector.v vlg41/_pressure_abnormality_detector.bin 1580118614
MO LogicHealthcareSystemController NULL ../src/rtl/modules/LogicHealthcareSystemController.v vlg54/_logic_healthcare_system_controller.bin 1580118614
MO multi4bit NULL ../multi4bit.v vlg7E/multi4bit.bin 1580118613
MO BloodAbnormalityDetector NULL ../src/rtl/modules/BloodAbnormalityDetector.v vlg08/_blood_abnormality_detector.bin 1580118614
MO BloodTypeClassification NULL ../src/rtl/modules/BloodTypeClassification.v vlg76/_blood_type_classification.bin 1580118613
MO TemperatureAnalyzer NULL ../src/rtl/modules/TemperatureAnalyzer.v vlg68/_temperature_analyzer.bin 1580118613
MO ConfigurationUnit NULL ../src/rtl/modules/ConfigurationUnit.v vlg2C/_configuration_unit.bin 1580118614
MO ParityErrorChecker NULL ../src/rtl/modules/ParityErrorChecker.v vlg0C/_parity_error_checker.bin 1580118613
MO TemperatureAbnormalityDetector NULL ../src/rtl/modules/TemperatureAbnormalityDetector.v vlg3E/_temperature_abnormality_detector.bin 1580118613
MO comprator4bit NULL ../comprator4bit.v vlg72/comprator4bit.bin 1580118613
MO Register7Bit NULL ../src/rtl/modules/Register7Bit.v vlg47/_register7_bit.bin 1580118613
MO TemperatureCalculator NULL ../src/rtl/modules/TemperatureCalculator.v vlg7C/_temperature_calculator.bin 1580118613
MO PressureAnalyzer NULL ../src/rtl/modules/PressureAnalyzer.v vlg47/_pressure_analyzer.bin 1580118613
MO BloodPHAnalyzer NULL ../src/rtl/modules/BloodPHAnalyzer.v vlg72/_blood_p_h_analyzer.bin 1580118613
MO fulladder4bit NULL ../fulladder4bit.v vlg7A/fulladder4bit.bin 1580118613
MO HealthcareSystemFirstPhase NULL ../src/rtl/modules/HealthcareSystemFirstPhase.v vlg07/_healthcare_system_first_phase.bin 1580118614
MO fulladder1bit NULL ../fulladder1bit.v vlg03/fulladder1bit.bin 1580118613
MO LogicHealthcareSystem NULL ../src/rtl/modules/LogicHealthcareSystem.v vlg20/_logic_healthcare_system.bin 1580118614
AR boardlogichealthcaresystem behavioral "G:/New Folder/BoardLogicHealthcareSystem.vhd" sub00/vhpl01 1580115362
EN boardlogichealthcaresystem NULL "G:/New Folder/BoardLogicHealthcareSystem.vhd" sub00/vhpl00 1580115361
MO InformationController NULL ../src/rtl/modules/InformationController.v vlg16/_information_controller.bin 1580118614
MO NervousShockDetector NULL ../src/rtl/modules/NervousShockDetector.v vlg70/_nervous_shock_detector.bin 1580118614
